>>> print_square = __import__('4-print_square').print_square

>>> print_square(4)
####
####
####
####

>>> print_square(-1)
Traceback (most recent call last):
TypeError: size must be >= 0

>>> print_square(s)
Traceback (most recent call last):
NameError: name 's' is not defined

>>> print_square(3.0)
Traceback (most recent call last):
TypeError: size must be an integer
